// Jest Snapshot v1, https://goo.gl/fbAQLP

exports[`With Snapshot Testing full snapshot 1`] = `
<div
  className="root"
>
  <div
    className="Wrapper-s17x8e2k-0 jhHFlr"
  >
    <div
      className="Wrapper-s1taabva-0 iVPNZX"
    >
      <div
        className="Box-s1taabva-1 eGPsRV"
      >
        <h1
          className="Title-jn44e3-0 iTtVtA"
        >
          Hello world!
        </h1>
        <div
          className="Image-jn44e3-1 fTtOUh"
        >
          <img
            alt="Smile"
            src="test-file-stub"
          />
        </div>
        <a
          href="/test/5?queryId=8"
          onClick={[Function]}
        >
          Test link with /test/5?queryId=8
        </a>
      </div>
      <div
        className="Box-s168kvmw-0 jSleo"
      >
        <h5>
          Redux global state
        </h5>
        <button
          className="btn btn-primary"
          onClick={[Function]}
          type="button"
        >
          Add count
        </button>
         
        <button
          className="btn btn-outline-secondary"
          onClick={[Function]}
          type="button"
        >
          Clear count
        </button>
        <br />
        <br />
        <div>
          Counter: 
          0
        </div>
        <div>
          Loading...
        </div>
      </div>
    </div>
  </div>
</div>
`;

exports[`With Snapshot Testing shallow snapshot 1`] = `
<Layout>
  <CounterPage>
    <SideEffect(Head)>
      <title>
        Hello world!
      </title>
    </SideEffect(Head)>
    <Title>
      Hello world!
    </Title>
    <Image>
      <img
        alt="Smile"
        src="test-file-stub"
      />
    </Image>
    <LinkRoutes
      route="/test/5?queryId=8"
    >
      <a>
        Test link with /test/5?queryId=8
      </a>
    </LinkRoutes>
  </CounterPage>
</Layout>
`;
